
Running 24 tests using 1 worker

(node:1524803) Warning: The 'NO_COLOR' env is ignored due to the 'FORCE_COLOR' env being set.
(Use `node --trace-warnings ...` to show where the warning was created)

  ✓   1 [desktop] › inbox-preview-recovery.spec.ts:118:5 › failed preview retries keep a removed Unread topic and its exact reply draft resumable (1.2s)

  ✓   2 [desktop] › inbox-preview-recovery.spec.ts:145:5 › an initial preview failure offers retry and full topic without a previous-topic command (772ms)

  ✓   3 [desktop] › inbox-preview-recovery.spec.ts:160:5 › return after failed history restoration aligns the URL with the retained topic without adding an entry (1.0s)

  ✓   4 [desktop] › inbox-preview-recovery.spec.ts:200:5 › timeout without AbortController keeps the old draft and ignores a late preview (949ms)

  ✓   5 [desktop] › inbox-preview-recovery.spec.ts:224:9 › rail preference submission preserves a pending preview with AbortController (813ms)

  ✓   6 [desktop] › inbox-preview-recovery.spec.ts:224:9 › reading preference submission preserves a pending preview with AbortController (809ms)

  ✓   7 [desktop] › inbox-preview-recovery.spec.ts:224:9 › rail preference submission preserves a pending preview without AbortController (807ms)

  ✓   8 [desktop] › inbox-preview-recovery.spec.ts:224:9 › reading preference submission preserves a pending preview without AbortController (758ms)

  ✓   9 [desktop] › inbox-preview-recovery.spec.ts:254:5 › pane preferences retain failed-preview recovery and its return command (972ms)

  ✓  10 [desktop] › inbox-preview-recovery.spec.ts:271:5 › a prevented form submission leaves the requested preview in progress (763ms)

  ✘  11 [desktop] › inbox-preview-recovery.spec.ts:299:7 › native row submission owns navigation when an old preview answers with an access error (35.0s)
(node:1527963) Warning: The 'NO_COLOR' env is ignored due to the 'FORCE_COLOR' env being set.
(Use `node --trace-warnings ...` to show where the warning was created)

  ✘  12 [desktop] › inbox-preview-recovery.spec.ts:299:7 › native bulk submission owns navigation when an old preview answers with an access error (35.0s)
(node:1529400) Warning: The 'NO_COLOR' env is ignored due to the 'FORCE_COLOR' env being set.
(Use `node --trace-warnings ...` to show where the warning was created)

  ✓  13 [mobile] › inbox-preview-recovery.spec.ts:118:5 › failed preview retries keep a removed Unread topic and its exact reply draft resumable (1.6s)

  ✓  14 [mobile] › inbox-preview-recovery.spec.ts:145:5 › an initial preview failure offers retry and full topic without a previous-topic command (939ms)

  ✓  15 [mobile] › inbox-preview-recovery.spec.ts:160:5 › return after failed history restoration aligns the URL with the retained topic without adding an entry (1.2s)

  ✓  16 [mobile] › inbox-preview-recovery.spec.ts:200:5 › timeout without AbortController keeps the old draft and ignores a late preview (1.1s)

  -  17 [mobile] › inbox-preview-recovery.spec.ts:224:9 › rail preference submission preserves a pending preview with AbortController

  -  18 [mobile] › inbox-preview-recovery.spec.ts:224:9 › reading preference submission preserves a pending preview with AbortController

  -  19 [mobile] › inbox-preview-recovery.spec.ts:224:9 › rail preference submission preserves a pending preview without AbortController

  -  20 [mobile] › inbox-preview-recovery.spec.ts:224:9 › reading preference submission preserves a pending preview without AbortController

  -  21 [mobile] › inbox-preview-recovery.spec.ts:254:5 › pane preferences retain failed-preview recovery and its return command

  -  22 [mobile] › inbox-preview-recovery.spec.ts:271:5 › a prevented form submission leaves the requested preview in progress

  ✘  23 [mobile] › inbox-preview-recovery.spec.ts:299:7 › native row submission owns navigation when an old preview answers with an access error (6.8s)


  1) [desktop] › inbox-preview-recovery.spec.ts:299:7 › native row submission owns navigation when an old preview answers with an access error

    Test timeout of 30000ms exceeded.

    Error: page.waitForResponse: Test timeout of 30000ms exceeded.

      324 |     }
      325 |     await expect.poll(() => !!native).toBe(true);
    > 326 |     const response = page.waitForResponse(response => new URL(response.url()).pathname === endpoint);
          |                           ^
      327 |     await preview!.fulfill({ status: 401, body: 'The superseded preview requires sign in' });
      328 |     await response;
      329 |     await afterResponse(page);
        at /home/ubuntu/community-forums/tests/browser/inbox-preview-recovery.spec.ts:326:27

    Error Context: ../../docs/evidence/inbox-preview-recovery-2026-10-08/.artifacts/inbox-preview-recovery-nat-281c1-nswers-with-an-access-error-desktop/error-context.md

  2) [desktop] › inbox-preview-recovery.spec.ts:299:7 › native bulk submission owns navigation when an old preview answers with an access error

    Test timeout of 30000ms exceeded.

    Error: page.waitForResponse: Test timeout of 30000ms exceeded.

      324 |     }
      325 |     await expect.poll(() => !!native).toBe(true);
    > 326 |     const response = page.waitForResponse(response => new URL(response.url()).pathname === endpoint);
          |                           ^
      327 |     await preview!.fulfill({ status: 401, body: 'The superseded preview requires sign in' });
      328 |     await response;
      329 |     await afterResponse(page);
        at /home/ubuntu/community-forums/tests/browser/inbox-preview-recovery.spec.ts:326:27

    Error Context: ../../docs/evidence/inbox-preview-recovery-2026-10-08/.artifacts/inbox-preview-recovery-nat-7123e-nswers-with-an-access-error-desktop/error-context.md

  2 failed
    [desktop] › inbox-preview-recovery.spec.ts:299:7 › native row submission owns navigation when an old preview answers with an access error
    [desktop] › inbox-preview-recovery.spec.ts:299:7 › native bulk submission owns navigation when an old preview answers with an access error
  1 interrupted
    [mobile] › inbox-preview-recovery.spec.ts:299:7 › native row submission owns navigation when an old preview answers with an access error
  6 skipped
  1 did not run
  14 passed (1.6m)
