
Running 4 tests using 1 worker

(node:1534334) Warning: The 'NO_COLOR' env is ignored due to the 'FORCE_COLOR' env being set.
(Use `node --trace-warnings ...` to show where the warning was created)

  ✓  1 [desktop] › inbox-preview-recovery.spec.ts:299:7 › native row submission owns navigation when an old preview answers with an access error (888ms)

  ✘  2 [desktop] › inbox-preview-recovery.spec.ts:299:7 › native bulk submission owns navigation when an old preview answers with an access error (943ms)
(node:1534597) Warning: The 'NO_COLOR' env is ignored due to the 'FORCE_COLOR' env being set.
(Use `node --trace-warnings ...` to show where the warning was created)

  ✓  3 [mobile] › inbox-preview-recovery.spec.ts:299:7 › native row submission owns navigation when an old preview answers with an access error (938ms)

  ✘  4 [mobile] › inbox-preview-recovery.spec.ts:299:7 › native bulk submission owns navigation when an old preview answers with an access error (923ms)


  1) [desktop] › inbox-preview-recovery.spec.ts:299:7 › native bulk submission owns navigation when an old preview answers with an access error

    Error: page.evaluate: TypeError: Failed to construct 'URL': Invalid URL
        at eval (eval at evaluate (:303:30), <anonymous>:1:7)
        at UtilityScript.evaluate (<anonymous>:305:16)
        at UtilityScript.<anonymous> (<anonymous>:1:44)
        at eval (eval at evaluate (:303:30), <anonymous>:1:7)
        at UtilityScript.evaluate (<anonymous>:305:16)
        at UtilityScript.<anonymous> (<anonymous>:1:44)
        at /home/ubuntu/community-forums/tests/browser/inbox-preview-recovery.spec.ts:360:33

    Error Context: ../../../../../tmp/retroboards-preview-native-confirmation-20261008/.artifacts/inbox-preview-recovery-nat-7123e-nswers-with-an-access-error-desktop/error-context.md

  2) [mobile] › inbox-preview-recovery.spec.ts:299:7 › native bulk submission owns navigation when an old preview answers with an access error

    Error: page.evaluate: TypeError: Failed to construct 'URL': Invalid URL
        at eval (eval at evaluate (:303:30), <anonymous>:1:7)
        at UtilityScript.evaluate (<anonymous>:305:16)
        at UtilityScript.<anonymous> (<anonymous>:1:44)
        at eval (eval at evaluate (:303:30), <anonymous>:1:7)
        at UtilityScript.evaluate (<anonymous>:305:16)
        at UtilityScript.<anonymous> (<anonymous>:1:44)
        at /home/ubuntu/community-forums/tests/browser/inbox-preview-recovery.spec.ts:360:33

    Error Context: ../../../../../tmp/retroboards-preview-native-confirmation-20261008/.artifacts/inbox-preview-recovery-nat-7123e-nswers-with-an-access-error-mobile/error-context.md

  2 failed
    [desktop] › inbox-preview-recovery.spec.ts:299:7 › native bulk submission owns navigation when an old preview answers with an access error
    [mobile] › inbox-preview-recovery.spec.ts:299:7 › native bulk submission owns navigation when an old preview answers with an access error
  2 passed (6.0s)
