
Running 2 tests using 1 worker

(node:1523882) Warning: The 'NO_COLOR' env is ignored due to the 'FORCE_COLOR' env being set.
(Use `node --trace-warnings ...` to show where the warning was created)

  ✘  1 [desktop] › inbox-preview-recovery.spec.ts:119:5 › failed preview retries keep a removed Unread topic and its exact reply draft resumable (5.9s)
(node:1523975) Warning: The 'NO_COLOR' env is ignored due to the 'FORCE_COLOR' env being set.
(Use `node --trace-warnings ...` to show where the warning was created)

  ✘  2 [desktop] › inbox-preview-recovery.spec.ts:185:9 › rail preference submission preserves a pending preview without AbortController (828ms)


  1) [desktop] › inbox-preview-recovery.spec.ts:119:5 › failed preview retries keep a removed Unread topic and its exact reply draft resumable

    Error: expect(locator).toBeVisible() failed

    Locator: locator('[data-inbox-return-preview]')
    Expected: visible
    Timeout: 5000ms
    Error: element(s) not found

    Call log:
      - Expect "toBeVisible" with timeout 5000ms
      - waiting for locator('[data-inbox-return-preview]')


      127 |   await expect(page.locator('[data-inbox-recovery]')).toBeVisible();
      128 |   await expect(page.locator('[data-inbox-full-topic]')).toHaveAttribute('href', next.canonical);
    > 129 |   await expect(page.locator('[data-inbox-return-preview]')).toBeVisible();
          |                                                             ^
      130 |   await expect(old.draft).toHaveValue(old.text);
      131 |   for (let retry = 0; retry < 2; retry++) {
      132 |     const response = page.waitForResponse(response => new URL(response.url()).pathname === next.endpoint);
        at /home/ubuntu/community-forums/tests/browser/inbox-preview-recovery.spec.ts:129:61

    Error Context: ../../../../../tmp/retroboards-preview-red-20261008/.artifacts/inbox-preview-recovery-fai-e914b-exact-reply-draft-resumable-desktop/error-context.md

  2) [desktop] › inbox-preview-recovery.spec.ts:185:9 › rail preference submission preserves a pending preview without AbortController

    Error: expect(received).toBe(expected) // Object.is equality

    Expected: true
    Received: false

      198 |       const preference = page.waitForResponse(response => new URL(response.url()).pathname === '/settings/member-surfaces' && response.request().method() === 'POST');
      199 |       await page.locator(`[data-panel-form="${panel}"] button[type="submit"]`).click();
    > 200 |       expect((await preference).ok()).toBe(true);
          |                                       ^
      201 |       await expect(page.locator('[data-inbox-reading]')).toHaveAttribute('aria-busy', 'true');
      202 |       await expect(page.locator('[data-inbox-status]')).toContainText('Loading topic');
      203 |       const response = page.waitForResponse(response => new URL(response.url()).pathname === endpoint);
        at /home/ubuntu/community-forums/tests/browser/inbox-preview-recovery.spec.ts:200:39

    Error Context: ../../../../../tmp/retroboards-preview-red-20261008/.artifacts/inbox-preview-recovery-rai-7564d-iew-without-AbortController-desktop/error-context.md

  2 failed
    [desktop] › inbox-preview-recovery.spec.ts:119:5 › failed preview retries keep a removed Unread topic and its exact reply draft resumable
    [desktop] › inbox-preview-recovery.spec.ts:185:9 › rail preference submission preserves a pending preview without AbortController
