
Running 44 tests using 1 worker

(node:1530725) Warning: The 'NO_COLOR' env is ignored due to the 'FORCE_COLOR' env being set.
(Use `node --trace-warnings ...` to show where the warning was created)

  ✓   1 [desktop] › inbox-controls-polish.spec.ts:163:5 › long scope and order labels preserve one row, counts and readable content across constrained layouts (3.1s)

  ✓   2 [desktop] › inbox-controls-polish.spec.ts:189:5 › shared panels stay contained, expose recovery early and use consistent touch targets and dismissal (7.3s)

  ✓   3 [desktop] › inbox-controls-polish.spec.ts:292:7 › row hiding, tomorrow and restoration work enhanced (1.6s)

  ✓   4 [desktop] › inbox-controls-polish.spec.ts:363:7 › bulk hide, tomorrow and restore operate on the selected page enhanced (1.9s)

  ✓   5 [desktop] › inbox-controls-polish.spec.ts:292:7 › row hiding, tomorrow and restoration work without JavaScript (2.1s)

  ✓   6 [desktop] › inbox-controls-polish.spec.ts:363:7 › bulk hide, tomorrow and restore operate on the selected page without JavaScript (1.7s)

  ✓   7 [desktop] › inbox-controls-polish.spec.ts:405:5 › the snooze shortcut uses the same tomorrow action as the menu (767ms)

  ✓   8 [desktop] › inbox-controls-polish.spec.ts:425:5 › preview removal preserves live range selection and page actions; persistent rows offer the current read action (1.4s)

  ✓   9 [desktop] › inbox-controls-polish.spec.ts:490:5 › long unbroken topic text stays within its content column at default and large type (1.5s)

  ✓  10 [desktop] › inbox-header.spec.ts:42:5 › topics appear early and every primary destination fits without horizontal scrolling (1.5s)

  ✓  11 [desktop] › inbox-header.spec.ts:71:5 › scope and sort preserve each other and menus support keyboard dismissal and help (1.6s)

  ✓  12 [desktop] › inbox-header.spec.ts:102:5 › scope, sort and page actions work without JavaScript (1.1s)

  ✓  13 [desktop] › shared-subheader-context.spec.ts:117:7 › Inbox context, Show/count, Sort, actions and creation share one row enhanced (6.3s)

  ✓  14 [desktop] › shared-subheader-context.spec.ts:152:7 › representative page contexts sit beside shared creation enhanced (3.0s)

  ✓  15 [desktop] › shared-subheader-context.spec.ts:175:7 › Search scope and order remain native URL choices in the shared row enhanced (486ms)

  ✓  16 [desktop] › shared-subheader-context.spec.ts:201:7 › Feed and Leaderboard choices remain native destinations beside creation enhanced (622ms)

  ✓  17 [desktop] › shared-subheader-context.spec.ts:117:7 › Inbox context, Show/count, Sort, actions and creation share one row native (5.2s)

  ✓  18 [desktop] › shared-subheader-context.spec.ts:152:7 › representative page contexts sit beside shared creation native (2.8s)

  ✓  19 [desktop] › shared-subheader-context.spec.ts:175:7 › Search scope and order remain native URL choices in the shared row native (497ms)

  ✓  20 [desktop] › shared-subheader-context.spec.ts:201:7 › Feed and Leaderboard choices remain native destinations beside creation native (599ms)

  ✓  21 [desktop] › shared-subheader-context.spec.ts:228:5 › the Messages search disclosure preserves native search and unread filters (432ms)

  ✓  22 [desktop] › shared-subheader-context.spec.ts:255:5 › the consolidated Inbox choices preserve URLs, shared dismissal and accessible menus (1.3s)
(node:1531721) Warning: The 'NO_COLOR' env is ignored due to the 'FORCE_COLOR' env being set.
(Use `node --trace-warnings ...` to show where the warning was created)

  ✓  23 [mobile] › inbox-controls-polish.spec.ts:163:5 › long scope and order labels preserve one row, counts and readable content across constrained layouts (3.4s)

  ✓  24 [mobile] › inbox-controls-polish.spec.ts:189:5 › shared panels stay contained, expose recovery early and use consistent touch targets and dismissal (7.5s)

  ✓  25 [mobile] › inbox-controls-polish.spec.ts:292:7 › row hiding, tomorrow and restoration work enhanced (1.8s)

  ✓  26 [mobile] › inbox-controls-polish.spec.ts:363:7 › bulk hide, tomorrow and restore operate on the selected page enhanced (1.9s)

  ✓  27 [mobile] › inbox-controls-polish.spec.ts:292:7 › row hiding, tomorrow and restoration work without JavaScript (2.1s)

  ✓  28 [mobile] › inbox-controls-polish.spec.ts:363:7 › bulk hide, tomorrow and restore operate on the selected page without JavaScript (1.7s)

  ✓  29 [mobile] › inbox-controls-polish.spec.ts:405:5 › the snooze shortcut uses the same tomorrow action as the menu (772ms)

  ✓  30 [mobile] › inbox-controls-polish.spec.ts:425:5 › preview removal preserves live range selection and page actions; persistent rows offer the current read action (1.4s)

  ✓  31 [mobile] › inbox-controls-polish.spec.ts:490:5 › long unbroken topic text stays within its content column at default and large type (1.7s)

  ✓  32 [mobile] › inbox-header.spec.ts:42:5 › topics appear early and every primary destination fits without horizontal scrolling (1.7s)

  ✓  33 [mobile] › inbox-header.spec.ts:71:5 › scope and sort preserve each other and menus support keyboard dismissal and help (1.6s)

  ✓  34 [mobile] › inbox-header.spec.ts:102:5 › scope, sort and page actions work without JavaScript (1.3s)

  ✓  35 [mobile] › shared-subheader-context.spec.ts:117:7 › Inbox context, Show/count, Sort, actions and creation share one row enhanced (6.6s)

  ✓  36 [mobile] › shared-subheader-context.spec.ts:152:7 › representative page contexts sit beside shared creation enhanced (3.2s)

  ✓  37 [mobile] › shared-subheader-context.spec.ts:175:7 › Search scope and order remain native URL choices in the shared row enhanced (527ms)

  ✓  38 [mobile] › shared-subheader-context.spec.ts:201:7 › Feed and Leaderboard choices remain native destinations beside creation enhanced (677ms)

  ✓  39 [mobile] › shared-subheader-context.spec.ts:117:7 › Inbox context, Show/count, Sort, actions and creation share one row native (5.1s)

  ✓  40 [mobile] › shared-subheader-context.spec.ts:152:7 › representative page contexts sit beside shared creation native (2.6s)

  ✓  41 [mobile] › shared-subheader-context.spec.ts:175:7 › Search scope and order remain native URL choices in the shared row native (422ms)

  ✓  42 [mobile] › shared-subheader-context.spec.ts:201:7 › Feed and Leaderboard choices remain native destinations beside creation native (538ms)

  ✓  43 [mobile] › shared-subheader-context.spec.ts:228:5 › the Messages search disclosure preserves native search and unread filters (391ms)

  ✓  44 [mobile] › shared-subheader-context.spec.ts:255:5 › the consolidated Inbox choices preserve URLs, shared dismissal and accessible menus (1.2s)

  44 passed (1.6m)
