PHPUnit 11.5.56 by Sebastian Bergmann and contributors.

Runtime:       PHP 8.4.26
Configuration: /home/ubuntu/community-forums/phpunit.xml

.............................................................   61 / 3163 (  1%)
.............................................................  122 / 3163 (  3%)
.............................................................  183 / 3163 (  5%)
.............................................................  244 / 3163 (  7%)
.............................................................  305 / 3163 (  9%)
.............................................................  366 / 3163 ( 11%)
.............................................................  427 / 3163 ( 13%)
.............................................................  488 / 3163 ( 15%)
.............................................................  549 / 3163 ( 17%)
.............................................................  610 / 3163 ( 19%)
.............................................................  671 / 3163 ( 21%)
.............................................................  732 / 3163 ( 23%)
.............................................................  793 / 3163 ( 25%)
...............................................[RetroBoards] settings.features is not a JSON object; all feature overrides ignored (code defaults in effect)
....[RetroBoards] settings.features is not a JSON object; all feature overrides ignored (code defaults in effect)
.[RetroBoards] settings.features is not a JSON object; all feature overrides ignored (code defaults in effect)
.........  854 / 3163 ( 26%)
.............................................................  915 / 3163 ( 28%)
.............................................................  976 / 3163 ( 30%)
............................................................. 1037 / 3163 ( 32%)
............................................................. 1098 / 3163 ( 34%)
............................................................. 1159 / 3163 ( 36%)
............................................................. 1220 / 3163 ( 38%)
............................................................. 1281 / 3163 ( 40%)
............................................................. 1342 / 3163 ( 42%)
............................................................. 1403 / 3163 ( 44%)
............[RetroBoards] settings.features is not a JSON object; all feature overrides ignored (code defaults in effect)
................................................. 1464 / 3163 ( 46%)
............................................................. 1525 / 3163 ( 48%)
............................................................. 1586 / 3163 ( 50%)
............................................................. 1647 / 3163 ( 52%)
............................................................. 1708 / 3163 ( 53%)
............................................................. 1769 / 3163 ( 55%)
............................................................. 1830 / 3163 ( 57%)
............................................................. 1891 / 3163 ( 59%)
............................................................. 1952 / 3163 ( 61%)
............................................................. 2013 / 3163 ( 63%)
............................................................. 2074 / 3163 ( 65%)
............................................................. 2135 / 3163 ( 67%)
............................................................. 2196 / 3163 ( 69%)
............................................................. 2257 / 3163 ( 71%)
....................S........................................ 2318 / 3163 ( 73%)
......................[RetroBoards] {"route":"\/upload","code":"upload_unavailable","status":503,"max_bytes":5242880,"php_file_bytes":104857600,"php_post_bytes":104857600}
[RetroBoards] {"route":"\/upload","code":"upload_unavailable","status":503,"max_bytes":5242880,"php_file_bytes":104857600,"php_post_bytes":104857600}
[RetroBoards] {"route":"\/upload","code":"upload_unavailable","status":503,"max_bytes":5242880,"php_file_bytes":104857600,"php_post_bytes":104857600}
[RetroBoards] {"route":"\/upload\/file","code":"upload_unavailable","status":503,"max_bytes":5242880,"php_file_bytes":104857600,"php_post_bytes":104857600}
[RetroBoards] {"route":"\/upload\/file","code":"upload_unavailable","status":503,"max_bytes":5242880,"php_file_bytes":104857600,"php_post_bytes":104857600}
[RetroBoards] {"route":"\/upload\/file","code":"upload_unavailable","status":503,"max_bytes":5242880,"php_file_bytes":104857600,"php_post_bytes":104857600}
..[RetroBoards] {"route":"\/upload","code":"upload_unavailable","status":503,"max_bytes":5242880,"php_file_bytes":104857600,"php_post_bytes":104857600}
..................................... 2379 / 3163 ( 75%)
............................................................. 2440 / 3163 ( 77%)
............................................................. 2501 / 3163 ( 79%)
............................................................. 2562 / 3163 ( 80%)
............................................................. 2623 / 3163 ( 82%)
............................................................. 2684 / 3163 ( 84%)
............................................................. 2745 / 3163 ( 86%)
............................................................. 2806 / 3163 ( 88%)
............................................................. 2867 / 3163 ( 90%)
............................................................. 2928 / 3163 ( 92%)
............................................................. 2989 / 3163 ( 94%)
............................................................. 3050 / 3163 ( 96%)
............................................................. 3111 / 3163 ( 98%)
....................................................          3163 / 3163 (100%)

Time: 01:24.559, Memory: 52.00 MB

OK, but some tests were skipped!
Tests: 3163, Assertions: 24706, Skipped: 1.
