
Running 1 test using 1 worker


(node:698286) Warning: The 'NO_COLOR' env is ignored due to the 'FORCE_COLOR' env being set.
(Use `node --trace-warnings ...` to show where the warning was created)

[1/1] [desktop] › messages-audit-regressions.spec.ts:374:5 › P1-2 short screens: the letters keep a readable floor, the phone dock rests as one row and opens with Send in view

[desktop] › messages-audit-regressions.spec.ts:374:5 › P1-2 short screens: the letters keep a readable floor, the phone dock rests as one row and opens with Send in view















{
  "config": {
    "argv": [
      "/home/ubuntu/.nvm/versions/node/v24.21.0/bin/node",
      "/tmp/community-forums-create-menu-baseline/tests/browser/node_modules/.bin/playwright",
      "test",
      "browser/messages-audit-regressions\\.spec\\.ts",
      "--project=desktop",
      "--grep=P1-2",
      "--reporter=line,json"
    ],
    "configFile": "/tmp/community-forums-create-menu-baseline/tests/browser/playwright.config.ts",
    "rootDir": "/tmp/community-forums-create-menu-baseline/tests/browser",
    "failOnFlakyTests": false,
    "forbidOnly": false,
    "fullyParallel": false,
    "globalSetup": null,
    "globalTeardown": null,
    "globalTimeout": 0,
    "grep": {},
    "grepInvert": null,
    "maxFailures": 0,
    "metadata": {
      "actualWorkers": 1
    },
    "preserveOutput": "always",
    "projects": [
      {
        "outputDir": "/tmp/community-forums-create-menu-baseline/docs/evidence/create-menu-baseline-proof/.artifacts",
        "repeatEach": 1,
        "retries": 0,
        "metadata": {
          "actualWorkers": 1
        },
        "id": "desktop",
        "name": "desktop",
        "testDir": "/tmp/community-forums-create-menu-baseline/tests/browser",
        "testIgnore": [],
        "testMatch": [
          "**/*.@(spec|test).?(c|m)[jt]s?(x)"
        ],
        "timeout": 30000
      },
      {
        "outputDir": "/tmp/community-forums-create-menu-baseline/docs/evidence/create-menu-baseline-proof/.artifacts",
        "repeatEach": 1,
        "retries": 0,
        "metadata": {
          "actualWorkers": 1
        },
        "id": "mobile",
        "name": "mobile",
        "testDir": "/tmp/community-forums-create-menu-baseline/tests/browser",
        "testIgnore": [],
        "testMatch": [
          "**/*.@(spec|test).?(c|m)[jt]s?(x)"
        ],
        "timeout": 30000
      }
    ],
    "quiet": false,
    "reporter": [
      [
        "line"
      ],
      [
        "json"
      ]
    ],
    "reportSlowTests": {
      "max": 5,
      "threshold": 300000
    },
    "shard": null,
    "tags": [],
    "updateSnapshots": "missing",
    "updateSourceMethod": "patch",
    "version": "1.61.1",
    "workers": 1,
    "webServer": null
  },
  "suites": [
    {
      "title": "messages-audit-regressions.spec.ts",
      "file": "messages-audit-regressions.spec.ts",
      "column": 0,
      "line": 0,
      "specs": [
        {
          "title": "P1-2 short screens: the letters keep a readable floor, the phone dock rests as one row and opens with Send in view",
          "ok": true,
          "tags": [],
          "tests": [
            {
              "timeout": 300000,
              "annotations": [
                {
                  "type": "measure",
                  "description": "textarea 640x400 at rest: {\"pane\":128,\"dock\":81}"
                },
                {
                  "type": "measure",
                  "description": "textarea 640x400 expanded: {\"pane\":128,\"overflow\":253}"
                },
                {
                  "type": "measure",
                  "description": "textarea 390 at rest: {\"pane\":541,\"dock\":81}"
                },
                {
                  "type": "measure",
                  "description": "textarea 390 expanded: {\"dock\":303.9375,\"pane\":319}"
                },
                {
                  "type": "measure",
                  "description": "wysiwyg 640x400 at rest: {\"pane\":128,\"dock\":81}"
                },
                {
                  "type": "measure",
                  "description": "wysiwyg 640x400 expanded: {\"pane\":128,\"overflow\":207}"
                },
                {
                  "type": "measure",
                  "description": "wysiwyg 390 at rest: {\"pane\":541,\"dock\":81}"
                },
                {
                  "type": "measure",
                  "description": "wysiwyg 390 expanded: {\"dock\":257.1875,\"pane\":365}"
                }
              ],
              "expectedStatus": "passed",
              "projectId": "desktop",
              "projectName": "desktop",
              "results": [
                {
                  "workerIndex": 0,
                  "parallelIndex": 0,
                  "status": "passed",
                  "duration": 8703,
                  "errors": [],
                  "stdout": [],
                  "stderr": [
                    {
                      "buffer": ""
                    },
                    {
                      "buffer": ""
                    },
                    {
                      "buffer": ""
                    },
                    {
                      "buffer": ""
                    },
                    {
                      "buffer": ""
                    },
                    {
                      "buffer": ""
                    },
                    {
                      "buffer": ""
                    },
                    {
                      "buffer": ""
                    }
                  ],
                  "retry": 0,
                  "startTime": "2026-10-07T12:47:50.349Z",
                  "annotations": [
                    {
                      "type": "measure",
                      "description": "textarea 640x400 at rest: {\"pane\":128,\"dock\":81}"
                    },
                    {
                      "type": "measure",
                      "description": "textarea 640x400 expanded: {\"pane\":128,\"overflow\":253}"
                    },
                    {
                      "type": "measure",
                      "description": "textarea 390 at rest: {\"pane\":541,\"dock\":81}"
                    },
                    {
                      "type": "measure",
                      "description": "textarea 390 expanded: {\"dock\":303.9375,\"pane\":319}"
                    },
                    {
                      "type": "measure",
                      "description": "wysiwyg 640x400 at rest: {\"pane\":128,\"dock\":81}"
                    },
                    {
                      "type": "measure",
                      "description": "wysiwyg 640x400 expanded: {\"pane\":128,\"overflow\":207}"
                    },
                    {
                      "type": "measure",
                      "description": "wysiwyg 390 at rest: {\"pane\":541,\"dock\":81}"
                    },
                    {
                      "type": "measure",
                      "description": "wysiwyg 390 expanded: {\"dock\":257.1875,\"pane\":365}"
                    }
                  ],
                  "attachments": []
                }
              ],
              "status": "expected"
            }
          ],
          "id": "015704edcbe8f06d5e73-b424cae40cff9b3c7839",
          "file": "messages-audit-regressions.spec.ts",
          "line": 374,
          "column": 5
        }
      ]
    }
  ],
  "errors": [],
  "stats": {
    "startTime": "2026-10-07T12:47:49.821Z",
    "duration": 9688.274000000001,
    "expected": 1,
    "skipped": 0,
    "unexpected": 0,
    "flaky": 0
  }
}
  1 passed (9.7s)
