### Error
TimeoutError: locator.click: Timeout 5000ms exceeded.
Call log:
[2m  - waiting for locator('[data-nav-scrim]')[22m
[2m    - locator resolved to <div class="nav-scrim" data-nav-scrim=""></div>[22m
[2m  - attempting click action[22m
[2m    2 × waiting for element to be visible, enabled and stable[22m
[2m      - element is visible, enabled and stable[22m
[2m      - scrolling into view if needed[22m
[2m      - done scrolling[22m
[2m      - <html lang="en" class="has-js" data-theme="light" data-font-size="medium" data-density="comfortable">…</html> intercepts pointer events[22m
[2m    - retrying click action[22m
[2m    - waiting 20ms[22m
[2m    2 × waiting for element to be visible, enabled and stable[22m
[2m      - element is visible, enabled and stable[22m
[2m      - scrolling into view if needed[22m
[2m      - done scrolling[22m
[2m      - <html lang="en" class="has-js" data-theme="light" data-font-size="medium" data-density="comfortable">…</html> intercepts pointer events[22m
[2m    - retrying click action[22m
[2m      - waiting 100ms[22m
[2m    10 × waiting for element to be visible, enabled and stable[22m
[2m       - element is visible, enabled and stable[22m
[2m       - scrolling into view if needed[22m
[2m       - done scrolling[22m
[2m       - <html lang="en" class="has-js" data-theme="light" data-font-size="medium" data-density="comfortable">…</html> intercepts pointer events[22m
[2m     - retrying click action[22m
[2m       - waiting 500ms[22m
