PHPUnit 11.5.56 by Sebastian Bergmann and contributors.

Runtime:       PHP 8.4.26
Configuration: /home/ubuntu/community-forums/phpunit.xml

.............................................................   61 / 3175 (  1%)
.............................................................  122 / 3175 (  3%)
...............................F.............................  183 / 3175 (  5%)
.............................................................  244 / 3175 (  7%)
.............................................................  305 / 3175 (  9%)
.............................................................  366 / 3175 ( 11%)
.............................................................  427 / 3175 ( 13%)
.............................................................  488 / 3175 ( 15%)
.............................................................  549 / 3175 ( 17%)
.............................................................  610 / 3175 ( 19%)
.............................................................  671 / 3175 ( 21%)
.............................................................  732 / 3175 ( 23%)
.............................................................  793 / 3175 ( 24%)
..................................................[RetroBoards] settings.features is not a JSON object; all feature overrides ignored (code defaults in effect)
....[RetroBoards] settings.features is not a JSON object; all feature overrides ignored (code defaults in effect)
.[RetroBoards] settings.features is not a JSON object; all feature overrides ignored (code defaults in effect)
......  854 / 3175 ( 26%)
.............................................................  915 / 3175 ( 28%)
.............................................................  976 / 3175 ( 30%)
............................................................. 1037 / 3175 ( 32%)
............................................................. 1098 / 3175 ( 34%)
............................................................. 1159 / 3175 ( 36%)
............................................................. 1220 / 3175 ( 38%)
............................................................. 1281 / 3175 ( 40%)
............................................................. 1342 / 3175 ( 42%)
............................................................. 1403 / 3175 ( 44%)
...............[RetroBoards] settings.features is not a JSON object; all feature overrides ignored (code defaults in effect)
.............................................. 1464 / 3175 ( 46%)
............................................................. 1525 / 3175 ( 48%)
............................................................. 1586 / 3175 ( 49%)
............................................................. 1647 / 3175 ( 51%)
............................................................. 1708 / 3175 ( 53%)
............................................................. 1769 / 3175 ( 55%)
............................................................. 1830 / 3175 ( 57%)
............................................................. 1891 / 3175 ( 59%)
............................................................. 1952 / 3175 ( 61%)
............................................................. 2013 / 3175 ( 63%)
............................................................. 2074 / 3175 ( 65%)
............................................................. 2135 / 3175 ( 67%)
............................................................. 2196 / 3175 ( 69%)
............................................................. 2257 / 3175 ( 71%)
................................S............................ 2318 / 3175 ( 73%)
..................................[RetroBoards] {"route":"\/upload","code":"upload_unavailable","status":503,"max_bytes":5242880,"php_file_bytes":104857600,"php_post_bytes":104857600}
[RetroBoards] {"route":"\/upload","code":"upload_unavailable","status":503,"max_bytes":5242880,"php_file_bytes":104857600,"php_post_bytes":104857600}
[RetroBoards] {"route":"\/upload","code":"upload_unavailable","status":503,"max_bytes":5242880,"php_file_bytes":104857600,"php_post_bytes":104857600}
[RetroBoards] {"route":"\/upload\/file","code":"upload_unavailable","status":503,"max_bytes":5242880,"php_file_bytes":104857600,"php_post_bytes":104857600}
[RetroBoards] {"route":"\/upload\/file","code":"upload_unavailable","status":503,"max_bytes":5242880,"php_file_bytes":104857600,"php_post_bytes":104857600}
[RetroBoards] {"route":"\/upload\/file","code":"upload_unavailable","status":503,"max_bytes":5242880,"php_file_bytes":104857600,"php_post_bytes":104857600}
..[RetroBoards] {"route":"\/upload","code":"upload_unavailable","status":503,"max_bytes":5242880,"php_file_bytes":104857600,"php_post_bytes":104857600}
......................... 2379 / 3175 ( 74%)
............................................................. 2440 / 3175 ( 76%)
............................................................. 2501 / 3175 ( 78%)
............................................................. 2562 / 3175 ( 80%)
............................................................. 2623 / 3175 ( 82%)
............................................................. 2684 / 3175 ( 84%)
............................................................. 2745 / 3175 ( 86%)
............................................................. 2806 / 3175 ( 88%)
............................................................. 2867 / 3175 ( 90%)
............................................................. 2928 / 3175 ( 92%)
............................................................. 2989 / 3175 ( 94%)
............................................................. 3050 / 3175 ( 96%)
............................................................. 3111 / 3175 ( 97%)
............................................................. 3172 / 3175 ( 99%)
...                                                           3175 / 3175 (100%)

Time: 01:26.918, Memory: 52.00 MB

There was 1 failure:

1) Tests\Unit\Core\ImladrisRuntimeAssetTest::test_checked_in_runtime_asset_matches_the_allowlisted_design_system_sources
Production presentation changed after Imladris reconciliation. Review the design-system contract before updating config/imladris-runtime-baseline.json. Current digest: 5c91f637e74b950c05af63fbb90b9976dbd4788028e3b4ea2fd5c2eac492af67
Failed asserting that 1 is identical to 0.

/home/ubuntu/community-forums/tests/Unit/Core/ImladrisRuntimeAssetTest.php:23

FAILURES!
Tests: 3175, Assertions: 25169, Failures: 1, Skipped: 1.
Script phpunit handling the test event returned with error code 1
